// Jest Snapshot v1, https://goo.gl/fbAQLP

exports[`CustomButton.vue should match snapshot 1`] = `
"<div>
  <v-btn-stub color=\\"success\\">
    Hello
  </v-btn-stub>
</div>"
`;
